// Jest Snapshot v1, https://goo.gl/fbAQLP

exports[`should render loading page correctly 1`] = `
<div
  className="loader"
>
  <div
    className="loader__image"
  >
    <img
      alt="loader-gif"
      src="/images/loader.gif"
    />
  </div>
</div>
`;
